#-----------------------------------------------------------
# Vivado v2014.2 (64-bit)
# SW Build 932637 on Wed Jun 11 13:30:22 MDT 2014
# IP Build 924643 on Fri May 30 09:20:16 MDT 2014
# Start of session at: Thu Feb 25 20:08:32 2016
# Process ID: 3876
# Log file: C:/Zynq_Book/SOC/vivado.log
# Journal file: C:/Zynq_Book/SOC\vivado.jou
#-----------------------------------------------------------
start_gui
open_project {C:\Zynq_Book\SOC\SOC.xpr}
launch_xsim -simset sim_1 -mode behavioral
launch_xsim -simset sim_1 -mode behavioral
launch_xsim -simset sim_1 -mode behavioral
close_sim
launch_xsim -simset sim_1 -mode behavioral
run 50 ns
run 50 ns
run 50 ns
run 50 ns
run all
close_sim
launch_xsim -simset sim_1 -mode behavioral
run 50 ns
run 50 ns
close_sim
launch_xsim -simset sim_1 -mode behavioral
launch_xsim -simset sim_1 -mode behavioral
run 50 ns
run 50 ns
run 50 ns
run 50 ns
run 50 ns
run 50 ns
run 50 ns
close_sim
launch_xsim -simset sim_1 -mode behavioral
run 50 ns
run 50 ns
run 50 ns
run 50 ns
run 50 ns
run 50 ns
run 50 ns
run 50 ns
run 50 ns
run 50 ns
run 50 ns
close_sim
launch_xsim -simset sim_1 -mode behavioral
run 50 ns
update_compile_order -fileset sources_1
close_sim
